Detecting compiler hash for triplet x64-windows...
Compiler found: C:/Program Files (x86)/Microsoft Visual Studio/2022/BuildTools/VC/Tools/MSVC/14.44.35207/bin/Hostx64/x64/cl.exe
The following packages are already installed:
    bgfx[core,multithreaded]:x64-windows@1.129.8940-496#1
  * boost-algorithm:x64-windows@1.91.0
  * boost-align:x64-windows@1.91.0
  * boost-array:x64-windows@1.91.0
    boost-asio[core,spawn,deadline-timer]:x64-windows@1.91.0
  * boost-assert:x64-windows@1.91.0
  * boost-atomic:x64-windows@1.91.0
  * boost-bind:x64-windows@1.91.0
  * boost-chrono:x64-windows@1.91.0
  * boost-cmake:x64-windows@1.91.0
  * boost-compat:x64-windows@1.91.0
  * boost-concept-check:x64-windows@1.91.0
  * boost-config:x64-windows@1.91.0
  * boost-container:x64-windows@1.91.0
  * boost-container-hash:x64-windows@1.91.0
  * boost-context:x64-windows@1.91.0
  * boost-conversion:x64-windows@1.91.0
  * boost-core:x64-windows@1.91.0
  * boost-date-time:x64-windows@1.91.0
  * boost-describe:x64-windows@1.91.0
  * boost-detail:x64-windows@1.91.0
  * boost-endian:x64-windows@1.91.0
  * boost-exception:x64-windows@1.91.0
  * boost-function:x64-windows@1.91.0
  * boost-function-types:x64-windows@1.91.0
  * boost-functional:x64-windows@1.91.0
  * boost-fusion:x64-windows@1.91.0
  * boost-headers:x64-windows@1.91.0
  * boost-integer:x64-windows@1.91.0
  * boost-intrusive:x64-windows@1.91.0
  * boost-io:x64-windows@1.91.0
  * boost-iterator:x64-windows@1.91.0
  * boost-lexical-cast:x64-windows@1.91.0
  * boost-move:x64-windows@1.91.0
  * boost-mp11:x64-windows@1.91.0
  * boost-mpl:x64-windows@1.91.0
  * boost-numeric-conversion:x64-windows@1.91.0
  * boost-optional:x64-windows@1.91.0
  * boost-phoenix:x64-windows@1.91.0
  * boost-pool:x64-windows@1.91.0
  * boost-predef:x64-windows@1.91.0
  * boost-preprocessor:x64-windows@1.91.0
  * boost-proto:x64-windows@1.91.0
  * boost-range:x64-windows@1.91.0
  * boost-ratio:x64-windows@1.91.0
  * boost-regex:x64-windows@1.91.0
  * boost-smart-ptr:x64-windows@1.91.0
    boost-spirit:x64-windows@1.91.0
  * boost-static-assert:x64-windows@1.91.0
    boost-system:x64-windows@1.91.0
    boost-thread:x64-windows@1.91.0
  * boost-throw-exception:x64-windows@1.91.0
  * boost-tokenizer:x64-windows@1.91.0
  * boost-tuple:x64-windows@1.91.0
  * boost-type-index:x64-windows@1.91.0
  * boost-type-traits:x64-windows@1.91.0
  * boost-typeof:x64-windows@1.91.0
  * boost-uninstall:x64-windows@1.91.0
  * boost-unordered:x64-windows@1.91.0
  * boost-utility:x64-windows@1.91.0
    boost-variant:x64-windows@1.91.0
  * boost-variant2:x64-windows@1.91.0
  * boost-winapi:x64-windows@1.91.0
  * bzip2[core,tool]:x64-windows@1.0.8#6
    cpr[core,ssl]:x64-windows@1.14.2
  * curl[core,sspi,ssl,non-http]:x64-windows@8.20.0#1
  * egl-registry:x64-windows@2025-05-27
    entt:x64-windows@3.16.0
  * expat:x64-windows@2.8.1
    freeglut:x64-windows@3.8.0
    glm:x64-windows@1.0.3
    imgui[core,win32-binding,opengl3-binding,docking-experimental]:x64-windows@1.92.8
    libarchive[core,zstd,xar,lzma,lz4,crypto,bzip2]:x64-windows@3.8.7
  * libjpeg-turbo:x64-windows@3.1.4.1
  * liblzma:x64-windows@5.8.3
  * libpng:x64-windows@1.6.58
  * libsquish:x64-windows@1.15#15
  * libwebp[core,unicode,simd,nearlossless,libwebpmux]:x64-windows@1.6.0#2
  * lodepng:x64-windows@2021-12-04#1
    lua:x64-windows@5.5.0#1
  * lz4:x64-windows@1.10.0
  * mgnlibs:x64-windows@2019-09-29#2
  * miniz:x64-windows@3.1.1
    nanosvg:x64-windows@2023-12-29
    nlohmann-json:x64-windows@3.12.0#2
    opengl:x64-windows@2022-12-04#3
  * opengl-registry:x64-windows@2026-01-26
  * openssl:x64-windows@3.6.2
  * pcre2[core,platform-default-features,jit]:x64-windows@10.47
    sol2:x64-windows@3.5.0#1
  * stb:x64-windows@2024-07-29#1
  * tiff[core,zip,lzma,jpeg]:x64-windows@4.7.1
  * tinyexr:x64-windows@1.0.13
  * vcpkg-boost:x64-windows@2025-03-29
  * vcpkg-cmake:x64-windows@2024-04-23
  * vcpkg-cmake-config:x64-windows@2024-05-23
  * vcpkg-cmake-get-vars:x64-windows@2025-05-29
    wxwidgets[core,sound,debug-support]:x64-windows@3.3.1#1
    zlib:x64-windows@1.3.2
  * zstd:x64-windows@1.5.7
bgfx provides CMake targets:

  # this is heuristically generated, and may not be correct
  find_package(bgfx CONFIG REQUIRED)
  # note: 1 additional targets are not displayed.
  target_link_libraries(main PRIVATE bgfx::bx bgfx::bgfx bgfx::bimg bgfx::bimg_decode)

boost-system provides CMake targets:

  # this is heuristically generated, and may not be correct
  find_package(boost_system CONFIG REQUIRED)
  target_link_libraries(main PRIVATE Boost::system)

boost-asio provides CMake targets:

  # this is heuristically generated, and may not be correct
  find_package(boost_asio CONFIG REQUIRED)
  target_link_libraries(main PRIVATE Boost::asio)

  find_package(boost_asio_core CONFIG REQUIRED)
  target_link_libraries(main PRIVATE Boost::asio_core)

  find_package(boost_asio_deadline_timer CONFIG REQUIRED)
  target_link_libraries(main PRIVATE Boost::asio_deadline_timer)

  find_package(boost_asio_spawn CONFIG REQUIRED)
  target_link_libraries(main PRIVATE Boost::asio_spawn)

boost-variant provides CMake targets:

  # this is heuristically generated, and may not be correct
  find_package(boost_variant CONFIG REQUIRED)
  target_link_libraries(main PRIVATE Boost::variant)

boost-thread provides CMake targets:

  # this is heuristically generated, and may not be correct
  find_package(boost_thread CONFIG REQUIRED)
  target_link_libraries(main PRIVATE Boost::thread)

boost-spirit provides CMake targets:

  # this is heuristically generated, and may not be correct
  find_package(boost_spirit CONFIG REQUIRED)
  target_link_libraries(main PRIVATE Boost::spirit)

zlib is compatible with built-in CMake targets:

  find_package(ZLIB REQUIRED)
  target_link_libraries(main PRIVATE ZLIB::ZLIB)

cpr provides CMake targets:

  # this is heuristically generated, and may not be correct
  find_package(cpr CONFIG REQUIRED)
  target_link_libraries(main PRIVATE cpr::cpr)

entt provides CMake targets:

    find_package(EnTT CONFIG REQUIRED)
    target_link_libraries(main PRIVATE EnTT::EnTT)

The package opengl is compatible with built-in CMake targets via CMake v3.7 and prior syntax

    find_package(OpenGL REQUIRED)
    target_link_libraries(main PRIVATE ${OPENGL_LIBRARIES})
    target_include_directories(main PRIVATE ${OPENGL_INCLUDE_DIR})

and the CMake v3.8 and beyond imported target syntax

    find_package(OpenGL REQUIRED)
    target_link_libraries(main PRIVATE OpenGL::GL)

introduction of various components

    find_package(OpenGL REQUIRED COMPONENTS GL      # v3.8
                                            GLU     # v3.8
                                            GLX     # v3.10
                                            EGL     # v3.10
                                            OpenGL) # v3.10

The OpenGL SDK is highly platform dependent and is usually an OS component. It's not realistic to build from source for every platform.

    WINDOWS: is part of the Windows SDK which this package installs.
    LINUX: the SDK may be installed from your distro's repo or from 3rd parties manually. There are too many to count.
    APPLE: consult your distribution vendor on the state of OpenGL support: https://support.apple.com/en-us/HT202823

freeglut provides CMake targets:

    find_package(FreeGLUT CONFIG REQUIRED)
    target_link_libraries(main PRIVATE $<IF:$<TARGET_EXISTS:FreeGLUT::freeglut>,FreeGLUT::freeglut,FreeGLUT::freeglut_static>)

freeglut is compatible with built-in CMake targets:

    find_package(GLUT REQUIRED)
    target_link_libraries(main PRIVATE GLUT::GLUT)

The package glm provides CMake targets:

    find_package(glm CONFIG REQUIRED)
    target_link_libraries(main PRIVATE glm::glm)

    # Or use the header-only version
    find_package(glm CONFIG REQUIRED)
    target_link_libraries(main PRIVATE glm::glm-header-only)

imgui provides CMake targets:

  # this is heuristically generated, and may not be correct
  find_package(imgui CONFIG REQUIRED)
  target_link_libraries(main PRIVATE imgui::imgui)

libarchive is compatible with the CMake Find Module:

  find_package(LibArchive REQUIRED)
  target_link_libraries(main PRIVATE LibArchive::LibArchive) # since CMake 3.17

libarchive provides pkg-config modules:

  # library that can create and read several streaming archive formats
  libarchive

lua provides CMake integration for the C library:

  find_package(Lua REQUIRED)
  target_include_directories(main PRIVATE ${LUA_INCLUDE_DIR})
  target_link_libraries(main PRIVATE ${LUA_LIBRARIES})

lua[cpp] provides a C++ library with exception handling:

  find_package(unofficial-lua)
  target_link_libraries(main PRIVATE unofficial::lua::lua-cpp)

nanosvg provides CMake targets:

  # this is heuristically generated, and may not be correct
  find_package(NanoSVG CONFIG REQUIRED)
  target_link_libraries(main PRIVATE NanoSVG::nanosvg NanoSVG::nanosvgrast)

The package nlohmann-json provides CMake targets:

    find_package(nlohmann_json CONFIG REQUIRED)
    target_link_libraries(main PRIVATE nlohmann_json::nlohmann_json)

The package nlohmann-json can be configured to not provide implicit conversions via a custom triplet file:

    set(nlohmann-json_IMPLICIT_CONVERSIONS OFF)

For more information, see the docs here:
    
    https://json.nlohmann.me/api/macros/json_use_implicit_conversions/

sol2 provides CMake targets:

  # this is heuristically generated, and may not be correct
  find_package(sol2 CONFIG REQUIRED)
  target_link_libraries(main PRIVATE sol2::sol2)

sol2 provides pkg-config modules:

  # C++ <-> Lua Wrapper Library
  sol2

The package wxwidgets provides CMake targets:

    find_package(wxWidgets CONFIG REQUIRED)
    target_link_libraries(main PRIVATE wx::core wx::base)

All requested installations completed successfully in: 1.16 ms
