Detecting compiler hash for triplet x64-windows...
Compiler found: C:/Program Files (x86)/Microsoft Visual Studio/2022/BuildTools/VC/Tools/MSVC/14.44.35207/bin/Hostx64/x64/cl.exe
The following packages will be built and installed:
    bgfx[core,multithreaded]:x64-windows@1.129.8940-496#1
  * boost-algorithm:x64-windows@1.91.0
  * boost-align:x64-windows@1.91.0
  * boost-array:x64-windows@1.91.0
    boost-asio[core,deadline-timer,spawn]:x64-windows@1.91.0
  * boost-assert:x64-windows@1.91.0
  * boost-atomic:x64-windows@1.91.0
  * boost-bind:x64-windows@1.91.0
  * boost-chrono:x64-windows@1.91.0
  * boost-cmake:x64-windows@1.91.0
  * boost-compat:x64-windows@1.91.0
  * boost-concept-check:x64-windows@1.91.0
  * boost-config:x64-windows@1.91.0
  * boost-container:x64-windows@1.91.0
  * boost-container-hash:x64-windows@1.91.0
  * boost-context:x64-windows@1.91.0
  * boost-conversion:x64-windows@1.91.0
  * boost-core:x64-windows@1.91.0
  * boost-date-time:x64-windows@1.91.0
  * boost-describe:x64-windows@1.91.0
  * boost-detail:x64-windows@1.91.0
  * boost-endian:x64-windows@1.91.0
  * boost-exception:x64-windows@1.91.0
  * boost-function:x64-windows@1.91.0
  * boost-function-types:x64-windows@1.91.0
  * boost-functional:x64-windows@1.91.0
  * boost-fusion:x64-windows@1.91.0
  * boost-headers:x64-windows@1.91.0
  * boost-integer:x64-windows@1.91.0
  * boost-intrusive:x64-windows@1.91.0
  * boost-io:x64-windows@1.91.0
  * boost-iterator:x64-windows@1.91.0
  * boost-lexical-cast:x64-windows@1.91.0
  * boost-move:x64-windows@1.91.0
  * boost-mp11:x64-windows@1.91.0
    boost-mpl:x64-windows@1.91.0
  * boost-numeric-conversion:x64-windows@1.91.0
  * boost-optional:x64-windows@1.91.0
  * boost-phoenix:x64-windows@1.91.0
  * boost-pool:x64-windows@1.91.0
  * boost-predef:x64-windows@1.91.0
  * boost-preprocessor:x64-windows@1.91.0
  * boost-proto:x64-windows@1.91.0
  * boost-range:x64-windows@1.91.0
  * boost-ratio:x64-windows@1.91.0
  * boost-regex:x64-windows@1.91.0
  * boost-smart-ptr:x64-windows@1.91.0
    boost-spirit:x64-windows@1.91.0
  * boost-static-assert:x64-windows@1.91.0
    boost-system:x64-windows@1.91.0
    boost-thread:x64-windows@1.91.0
  * boost-throw-exception:x64-windows@1.91.0
  * boost-tokenizer:x64-windows@1.91.0
  * boost-tuple:x64-windows@1.91.0
  * boost-type-index:x64-windows@1.91.0
  * boost-type-traits:x64-windows@1.91.0
  * boost-typeof:x64-windows@1.91.0
  * boost-uninstall:x64-windows@1.91.0
  * boost-unordered:x64-windows@1.91.0
  * boost-utility:x64-windows@1.91.0
    boost-variant:x64-windows@1.91.0
  * boost-variant2:x64-windows@1.91.0
  * boost-winapi:x64-windows@1.91.0
  * bzip2[core,tool]:x64-windows@1.0.8#6
    cpr[core,ssl]:x64-windows@1.14.2
  * curl[core,non-http,ssl,sspi]:x64-windows@8.20.0#1
  * egl-registry:x64-windows@2025-05-27
    entt:x64-windows@3.16.0
  * expat:x64-windows@2.8.1
    freeglut:x64-windows@3.8.0
    glm:x64-windows@1.0.3
    imgui[core,docking-experimental,opengl3-binding,win32-binding]:x64-windows@1.92.8
    libarchive[bzip2,core,crypto,lz4,lzma,xar,zstd]:x64-windows@3.8.7
  * libjpeg-turbo:x64-windows@3.1.4.1
  * liblzma:x64-windows@5.8.3
  * libpng:x64-windows@1.6.58
  * libsquish:x64-windows@1.15#15
  * libwebp[core,libwebpmux,nearlossless,simd,unicode]:x64-windows@1.6.0#2
  * lodepng:x64-windows@2021-12-04#1
    lua:x64-windows@5.5.0#1
  * lz4:x64-windows@1.10.0
  * mgnlibs:x64-windows@2019-09-29#2
  * miniz:x64-windows@3.1.1
    nanosvg:x64-windows@2023-12-29
    nlohmann-json:x64-windows@3.12.0#2
    opengl:x64-windows@2022-12-04#3
  * opengl-registry:x64-windows@2026-01-26
  * openssl:x64-windows@3.6.2
  * pcre2[core,jit,platform-default-features]:x64-windows@10.47
    sol2:x64-windows@3.5.0#1
  * stb:x64-windows@2024-07-29#1
  * tiff[core,jpeg,lzma,zip]:x64-windows@4.7.1
  * tinyexr:x64-windows@1.0.13
  * vcpkg-boost:x64-windows@2025-03-29
  * vcpkg-cmake:x64-windows@2024-04-23
  * vcpkg-cmake-config:x64-windows@2024-05-23
  * vcpkg-cmake-get-vars:x64-windows@2025-05-29
    wxwidgets[core,debug-support,sound]:x64-windows@3.3.1#1
    zlib:x64-windows@1.3.2
  * zstd:x64-windows@1.5.7
Additional packages (*) will be modified to complete this operation.
Restored 100 package(s) from C:\Users\weber\AppData\Local\vcpkg\archives in 6.6 s. Use --debug to see more details.
Installing 1/100 vcpkg-cmake-config:x64-windows@2024-05-23...
vcpkg-cmake-config:x64-windows@2024-05-23 package ABI: 9f1132636c07bdf3c0d856b1c32091a594d02c56f580599066df100b6b409d59
Elapsed time to handle vcpkg-cmake-config:x64-windows: 65.8 ms
Installing 2/100 vcpkg-cmake:x64-windows@2024-04-23...
vcpkg-cmake:x64-windows@2024-04-23 package ABI: de53201ff7f4d8e4b982fd3d3f850a934e10a5048b9719d51f6e4f0a25e1cbb0
Elapsed time to handle vcpkg-cmake:x64-windows: 97.1 ms
Installing 3/100 miniz:x64-windows@3.1.1...
miniz:x64-windows@3.1.1 package ABI: 610136f305d0f4146999c96a51062e7047fc9e2da01b2300a68f3a80612510af
Elapsed time to handle miniz:x64-windows: 109 ms
Installing 4/100 tinyexr:x64-windows@1.0.13...
tinyexr:x64-windows@1.0.13 package ABI: eb72e6a5704eacf438717c1c45a790a400afbbe96dc38077a496fa2518e4b001
Elapsed time to handle tinyexr:x64-windows: 114 ms
Installing 5/100 stb:x64-windows@2024-07-29#1...
stb:x64-windows@2024-07-29#1 package ABI: f6d2edbbc439c876bb3bfe340e992af7a076993cfd64fe1f83ec4c050e62d062
Elapsed time to handle stb:x64-windows: 154 ms
Installing 6/100 mgnlibs:x64-windows@2019-09-29#2...
mgnlibs:x64-windows@2019-09-29#2 package ABI: e5edb55bee3c0c491819dace5c2c88b2ec6e9c8496b33b4910267eea40de290c
Elapsed time to handle mgnlibs:x64-windows: 144 ms
Installing 7/100 lodepng:x64-windows@2021-12-04#1...
lodepng:x64-windows@2021-12-04#1 package ABI: bebb077589b6e91b3343ef60ef3a6313b42fc2e5b969a833575182521a4c50bf
Elapsed time to handle lodepng:x64-windows: 124 ms
Installing 8/100 libsquish:x64-windows@1.15#15...
libsquish:x64-windows@1.15#15 package ABI: ec99cbfeb4cfbc54e471186352607a6267b5e472f49baad6a9625668c1f2114f
Elapsed time to handle libsquish:x64-windows: 30.5 ms
Installing 9/100 bgfx[core,multithreaded]:x64-windows@1.129.8940-496#1...
bgfx[core,multithreaded]:x64-windows@1.129.8940-496#1 package ABI: 70d9b1d5e10c8a59395b9aeac785871b32ac52cf1a25f1ec802784cec4f26f83
Elapsed time to handle bgfx:x64-windows: 164 ms
Installing 10/100 vcpkg-boost:x64-windows@2025-03-29...
vcpkg-boost:x64-windows@2025-03-29 package ABI: 665de7b762baee9b194c85fdfdb94f9edb5ae87bc42fa0d4446d6c9a9194985f
Elapsed time to handle vcpkg-boost:x64-windows: 114 ms
Installing 11/100 boost-uninstall:x64-windows@1.91.0...
boost-uninstall:x64-windows@1.91.0 package ABI: 28b7d543e0000869a660c5a87c9d5870afaab54f971b30a993bcb2481ee45a1a
Elapsed time to handle boost-uninstall:x64-windows: 27.5 ms
Installing 12/100 boost-cmake:x64-windows@1.91.0...
boost-cmake:x64-windows@1.91.0 package ABI: d4ae83173c255d94860d37a06abdab41f880f1001a16830578cce91230f25e96
Elapsed time to handle boost-cmake:x64-windows: 90.6 ms
Installing 13/100 boost-headers:x64-windows@1.91.0...
boost-headers:x64-windows@1.91.0 package ABI: 757d0385040f9e15e69b10dd523d1225db4be0e92262f1e119ec566d1f8027fb
Elapsed time to handle boost-headers:x64-windows: 49.6 ms
Installing 14/100 boost-config:x64-windows@1.91.0...
boost-config:x64-windows@1.91.0 package ABI: d5e8a2c581820d2bd8e9dfda48bb883529a7c4deb85b979ddecdd7fb83ee2576
Elapsed time to handle boost-config:x64-windows: 223 ms
Installing 15/100 boost-assert:x64-windows@1.91.0...
boost-assert:x64-windows@1.91.0 package ABI: cc5a08b088cb0d18298754af621390182621f36da6e06a9e994738614f06ee87
Elapsed time to handle boost-assert:x64-windows: 47.7 ms
Installing 16/100 boost-throw-exception:x64-windows@1.91.0...
boost-throw-exception:x64-windows@1.91.0 package ABI: da459059c8d000b9c789e80e7b5c4636d43fcb892ea72b6f0d098bd1b8a3ff32
Elapsed time to handle boost-throw-exception:x64-windows: 30.9 ms
Installing 17/100 boost-core:x64-windows@1.91.0...
boost-core:x64-windows@1.91.0 package ABI: a18f2ba48d82c43ead4a6dfd69101901d5b1bc7dd8b05188188a9aa708db4a6e
Elapsed time to handle boost-core:x64-windows: 149 ms
Installing 18/100 boost-smart-ptr:x64-windows@1.91.0...
boost-smart-ptr:x64-windows@1.91.0 package ABI: b60e7844c6fb104897d25903946f21da91628dc8e6481b79bf58d4906f37a6bc
Elapsed time to handle boost-smart-ptr:x64-windows: 162 ms
Installing 19/100 boost-predef:x64-windows@1.91.0...
boost-predef:x64-windows@1.91.0 package ABI: 4412b5d0dfc6301ce3d656ec4ca17463b8909ca3abacafccc6a5f62e22b2a567
Elapsed time to handle boost-predef:x64-windows: 156 ms
Installing 20/100 boost-winapi:x64-windows@1.91.0...
boost-winapi:x64-windows@1.91.0 package ABI: 09419df54e03f89b15d262f5a3b91dc34cbf47aa6feab3eee4fcb537b0a4495e
Elapsed time to handle boost-winapi:x64-windows: 159 ms
Installing 21/100 boost-type-traits:x64-windows@1.91.0...
boost-type-traits:x64-windows@1.91.0 package ABI: 3ee4880b74b7ef48fbcd4f18a6b04eed5eaa8c3ec17d37d510eafa763a611412
Elapsed time to handle boost-type-traits:x64-windows: 170 ms
Installing 22/100 boost-integer:x64-windows@1.91.0...
boost-integer:x64-windows@1.91.0 package ABI: ae5f6329e4205f3b79ae114a627e9e07173a551ecb7afb184e511f812488014a
Elapsed time to handle boost-integer:x64-windows: 121 ms
Installing 23/100 boost-pool:x64-windows@1.91.0...
boost-pool:x64-windows@1.91.0 package ABI: c61740765b024dd5ebd16e89ab23e4ce9410f3bfd867c719e3a22d388716dc6f
Elapsed time to handle boost-pool:x64-windows: 158 ms
Installing 24/100 boost-mp11:x64-windows@1.91.0...
boost-mp11:x64-windows@1.91.0 package ABI: 640fd0a34cf8845e8803fb39defb927d6a6c7265c740f17c0ac3d79cf79e124d
Elapsed time to handle boost-mp11:x64-windows: 167 ms
Installing 25/100 boost-context:x64-windows@1.91.0...
boost-context:x64-windows@1.91.0 package ABI: d4367eba2c0734d21058747f5f8d665f48635de1eca3043738ea6fd0c2580eb2
Elapsed time to handle boost-context:x64-windows: 158 ms
Installing 26/100 boost-preprocessor:x64-windows@1.91.0...
boost-preprocessor:x64-windows@1.91.0 package ABI: f09f181a0e533df78254f3497fd1313d52091b1106ccd149628cfd136080e30b
Elapsed time to handle boost-preprocessor:x64-windows: 209 ms
Installing 27/100 boost-io:x64-windows@1.91.0...
boost-io:x64-windows@1.91.0 package ABI: d9d83df4386375574f5b18a1366becb44254618fc956870f4c45da51774f2de0
Elapsed time to handle boost-io:x64-windows: 59.7 ms
Installing 28/100 boost-utility:x64-windows@1.91.0...
boost-utility:x64-windows@1.91.0 package ABI: 2a59d1af59dc3e11e7e966748f0b21d890f54586c581d6d4256246e89851704e
Elapsed time to handle boost-utility:x64-windows: 106 ms
Installing 29/100 boost-optional:x64-windows@1.91.0...
boost-optional:x64-windows@1.91.0 package ABI: 1091338270a32e440c1cc474e401a02226a3162045ad33dd93759cdd0fde05d2
Elapsed time to handle boost-optional:x64-windows: 156 ms
Installing 30/100 boost-mpl:x64-windows@1.91.0...
boost-mpl:x64-windows@1.91.0 package ABI: 83a1d5c5c832f86faed4dc8d7545b8fcc6952fc1fa5f58533557822aad2a2eca
Elapsed time to handle boost-mpl:x64-windows: 400 ms
Installing 31/100 boost-typeof:x64-windows@1.91.0...
boost-typeof:x64-windows@1.91.0 package ABI: 8e2983a7fad70ca6adbea0b34fb8e837eb5f2c333fa2ca7e6f8746e28ae23ff5
Elapsed time to handle boost-typeof:x64-windows: 163 ms
Installing 32/100 boost-tuple:x64-windows@1.91.0...
boost-tuple:x64-windows@1.91.0 package ABI: 076f5732f31bada9fa6ed6469b485427865df5da1e0fd1296a37f8432dc48dba
Elapsed time to handle boost-tuple:x64-windows: 31.8 ms
Installing 33/100 boost-detail:x64-windows@1.91.0...
boost-detail:x64-windows@1.91.0 package ABI: f39232f21b05debc4750de5070e79a23222679e5e9b86eedc96a9127cb7a566f
Elapsed time to handle boost-detail:x64-windows: 151 ms
Installing 34/100 boost-function-types:x64-windows@1.91.0...
boost-function-types:x64-windows@1.91.0 package ABI: d9df045c598a7d65be9ef1e82d1ef7db36c2b199967595ee5c8bf6acf25e6c32
Elapsed time to handle boost-function-types:x64-windows: 153 ms
Installing 35/100 boost-bind:x64-windows@1.91.0...
boost-bind:x64-windows@1.91.0 package ABI: 01ebe8cfae13e8c98e860238475f76d821b4ca4def993603d7df3898f7a06315
Elapsed time to handle boost-bind:x64-windows: 128 ms
Installing 36/100 boost-function:x64-windows@1.91.0...
boost-function:x64-windows@1.91.0 package ABI: 20cd95ac0907dba890d2c5c13debb6970bbaeb6eec96ad5393492485b9cd2d61
Elapsed time to handle boost-function:x64-windows: 148 ms
Installing 37/100 boost-functional:x64-windows@1.91.0...
boost-functional:x64-windows@1.91.0 package ABI: 351465fa55db23bb225ca9cd2de028415a4a071ac5e920105931527b18f9a4fd
Elapsed time to handle boost-functional:x64-windows: 90.7 ms
Installing 38/100 boost-describe:x64-windows@1.91.0...
boost-describe:x64-windows@1.91.0 package ABI: 14da5adf635028b9560b1fd64ef652b61393aea9099498ea675c29d7bdabae7a
Elapsed time to handle boost-describe:x64-windows: 142 ms
Installing 39/100 boost-container-hash:x64-windows@1.91.0...
boost-container-hash:x64-windows@1.91.0 package ABI: 5708b3ee3d5ecd0decab0fe7213136ded97b350de5f6074146324e0f76980713
Elapsed time to handle boost-container-hash:x64-windows: 133 ms
Installing 40/100 boost-fusion:x64-windows@1.91.0...
boost-fusion:x64-windows@1.91.0 package ABI: 43f74600e7d89bd237cc5e704004681f6e204b18185247a704fd553f8ff743fc
Elapsed time to handle boost-fusion:x64-windows: 356 ms
Installing 41/100 boost-concept-check:x64-windows@1.91.0...
boost-concept-check:x64-windows@1.91.0 package ABI: 4c2c44d73a3a1c2f172c6e2a20ee6afe9c481412917e91adf350057c997cfba2
Elapsed time to handle boost-concept-check:x64-windows: 108 ms
Installing 42/100 boost-iterator:x64-windows@1.91.0...
boost-iterator:x64-windows@1.91.0 package ABI: 3e227abeebe2d9e8ea64e46448b8db3b823fd21043eb46ab8b003ab07a826cc2
Elapsed time to handle boost-iterator:x64-windows: 213 ms
Installing 43/100 boost-tokenizer:x64-windows@1.91.0...
boost-tokenizer:x64-windows@1.91.0 package ABI: b85011262167c04a5872501334fb9ecb02f2b9d72e706541145c0d62b0facb80
Elapsed time to handle boost-tokenizer:x64-windows: 45.9 ms
Installing 44/100 boost-static-assert:x64-windows@1.91.0...
boost-static-assert:x64-windows@1.91.0 package ABI: c67068580abdb362341d215b60ffac0d361471c676103258ada28cb4536aaa16
Elapsed time to handle boost-static-assert:x64-windows: 46.4 ms
Installing 45/100 boost-regex:x64-windows@1.91.0...
boost-regex:x64-windows@1.91.0 package ABI: 700892bd5b3d862218da3501393e72407f6896bf833b1fe240ae1ffc8fbd377c
Elapsed time to handle boost-regex:x64-windows: 139 ms
Installing 46/100 boost-conversion:x64-windows@1.91.0...
boost-conversion:x64-windows@1.91.0 package ABI: 465c74a54fd7127683f7bcced715ceed3aa46bb0c10cc29da82f0de698effc83
Elapsed time to handle boost-conversion:x64-windows: 46.3 ms
Installing 47/100 boost-array:x64-windows@1.91.0...
boost-array:x64-windows@1.91.0 package ABI: 6592d81a98c73d52db68bdf011c4fd00d5886621b3a799ff250d09668582df0a
Elapsed time to handle boost-array:x64-windows: 46.4 ms
Installing 48/100 boost-range:x64-windows@1.91.0...
boost-range:x64-windows@1.91.0 package ABI: fa26cb4747b220b23a4ec1b05f61363a810416b992908a520a847e40430ef1f3
Elapsed time to handle boost-range:x64-windows: 159 ms
Installing 49/100 boost-numeric-conversion:x64-windows@1.91.0...
boost-numeric-conversion:x64-windows@1.91.0 package ABI: 57423a474c7c740ad2f9dc5934a31b320d1f1e8ac8ecd5f004d129e21b9608b6
Elapsed time to handle boost-numeric-conversion:x64-windows: 160 ms
Installing 50/100 boost-move:x64-windows@1.91.0...
boost-move:x64-windows@1.91.0 package ABI: 282742e51a1cc27d451451f2d1fd3336da07639cd6478951b61857a8b7575eb3
Elapsed time to handle boost-move:x64-windows: 149 ms
Installing 51/100 boost-intrusive:x64-windows@1.91.0...
boost-intrusive:x64-windows@1.91.0 package ABI: 88fb1409be73ea26b6ecc30eb77754edad2cf13aef4f30110274bf7ceae53b6a
Elapsed time to handle boost-intrusive:x64-windows: 175 ms
Installing 52/100 boost-container:x64-windows@1.91.0...
boost-container:x64-windows@1.91.0 package ABI: 301f99a054ced286ed906a1389dd278ae39bdd80366055c0123db46be780f6d9
Elapsed time to handle boost-container:x64-windows: 197 ms
Installing 53/100 boost-lexical-cast:x64-windows@1.91.0...
boost-lexical-cast:x64-windows@1.91.0 package ABI: 4b0a445b309c35628490b383be43b5c95e8d7c03855e17fc3384ebc12cfda1e8
Elapsed time to handle boost-lexical-cast:x64-windows: 169 ms
Installing 54/100 boost-unordered:x64-windows@1.91.0...
boost-unordered:x64-windows@1.91.0 package ABI: ef017a0f9b112f4dd1564057291e6a3f778344f220be2005923a39fe446de592
Elapsed time to handle boost-unordered:x64-windows: 125 ms
Installing 55/100 boost-exception:x64-windows@1.91.0...
boost-exception:x64-windows@1.91.0 package ABI: 7fd3f7b7566f6bad01d166752d569121235f33dd366574ff2cefaa2ff5b4768a
Elapsed time to handle boost-exception:x64-windows: 141 ms
Installing 56/100 boost-algorithm:x64-windows@1.91.0...
boost-algorithm:x64-windows@1.91.0 package ABI: ab9956bf573e0d45dccec3946f0e2ee53663849523ca6c96964ed56b3c85430d
Elapsed time to handle boost-algorithm:x64-windows: 171 ms
Installing 57/100 boost-date-time:x64-windows@1.91.0...
boost-date-time:x64-windows@1.91.0 package ABI: 2f2bb0be7c0fe1df2dbb425a4281f693c6970845156f5df45bdc743eb08cef59
Elapsed time to handle boost-date-time:x64-windows: 161 ms
Installing 58/100 boost-variant2:x64-windows@1.91.0...
boost-variant2:x64-windows@1.91.0 package ABI: 01bebdcad3fdb65346e902236bf1c22d036ac44bab40ce1607536524331c9d2e
Elapsed time to handle boost-variant2:x64-windows: 61.4 ms
Installing 59/100 boost-compat:x64-windows@1.91.0...
boost-compat:x64-windows@1.91.0 package ABI: e424ff00393c01527fcde46c53aa836e19058bc5a5dcd5b20433c71aaeadc01a
Elapsed time to handle boost-compat:x64-windows: 145 ms
Installing 60/100 boost-system:x64-windows@1.91.0...
boost-system:x64-windows@1.91.0 package ABI: b8ef8b9f7469db9de9ba0739f2e32ee14e36cb92cb2462ccf426717aa2643308
Elapsed time to handle boost-system:x64-windows: 175 ms
Installing 61/100 boost-align:x64-windows@1.91.0...
boost-align:x64-windows@1.91.0 package ABI: f61c9c69a072f053ee03472f3a4c289dbfe58128c340cf4f89e93b941484c8c0
Elapsed time to handle boost-align:x64-windows: 194 ms
Installing 62/100 boost-asio[core,deadline-timer,spawn]:x64-windows@1.91.0...
boost-asio[core,deadline-timer,spawn]:x64-windows@1.91.0 package ABI: 895e91884a1d3069f72f6cc49aca68f100fd989ae005bd593c194eeb0b2ec9c8
Elapsed time to handle boost-asio:x64-windows: 236 ms
Installing 63/100 boost-type-index:x64-windows@1.91.0...
boost-type-index:x64-windows@1.91.0 package ABI: d7d915b867f2a21495a946cf61284c93f0821eace9eadcb81b77513b10ec7abb
Elapsed time to handle boost-type-index:x64-windows: 93.3 ms
Installing 64/100 boost-variant:x64-windows@1.91.0...
boost-variant:x64-windows@1.91.0 package ABI: d8189181ea92a04b390ad76f7e1f14a025910064df4b52e21825b2c47bde368e
Elapsed time to handle boost-variant:x64-windows: 171 ms
Installing 65/100 boost-ratio:x64-windows@1.91.0...
boost-ratio:x64-windows@1.91.0 package ABI: 5bfbd5f843c30eef88aa8c5566de733ea80096c2e9b400ed94cc2910e89fb6f1
Elapsed time to handle boost-ratio:x64-windows: 80.5 ms
Installing 66/100 boost-chrono:x64-windows@1.91.0...
boost-chrono:x64-windows@1.91.0 package ABI: e69beb2946978b3e6399a069192724ff9b1d353ec36a3ff3c346c508e0dc6707
Elapsed time to handle boost-chrono:x64-windows: 113 ms
Installing 67/100 boost-atomic:x64-windows@1.91.0...
boost-atomic:x64-windows@1.91.0 package ABI: 11f2199fe7c8682846bd725f5c10ac034cc8bf091dc28425acc9b4afd9719460
Elapsed time to handle boost-atomic:x64-windows: 202 ms
Installing 68/100 boost-thread:x64-windows@1.91.0...
boost-thread:x64-windows@1.91.0 package ABI: b1d67c1cbaabb5b3449fcdf71a6edf748e008a1327257ddc1e1d453fd168dc59
Elapsed time to handle boost-thread:x64-windows: 168 ms
Installing 69/100 boost-proto:x64-windows@1.91.0...
boost-proto:x64-windows@1.91.0 package ABI: 5316e42d5cbd5fe58a79dd6039a14841f9e38c737e0f57573d97299078ef7677
Elapsed time to handle boost-proto:x64-windows: 165 ms
Installing 70/100 boost-phoenix:x64-windows@1.91.0...
boost-phoenix:x64-windows@1.91.0 package ABI: b10b524353099b120a91e5d4ba0dd41a2fd12d89d7dec2bb4370b4ef6ed2884d
Elapsed time to handle boost-phoenix:x64-windows: 355 ms
Installing 71/100 boost-endian:x64-windows@1.91.0...
boost-endian:x64-windows@1.91.0 package ABI: d7726cdcc1ef3bd50c5aeb422cbf3a05f3a5058e015774029013cd0891328f70
Elapsed time to handle boost-endian:x64-windows: 168 ms
Installing 72/100 boost-spirit:x64-windows@1.91.0...
boost-spirit:x64-windows@1.91.0 package ABI: f66c37082af2080fa55d8494293ec2d62576415c2f2ae13322165e591ae512e8
Elapsed time to handle boost-spirit:x64-windows: 423 ms
Installing 73/100 zlib:x64-windows@1.3.2...
zlib:x64-windows@1.3.2 package ABI: 675755484bdb8625bed749d3c57e6810dd069c7f78864eb95130744671680729
Elapsed time to handle zlib:x64-windows: 154 ms
Installing 74/100 curl[core,non-http,ssl,sspi]:x64-windows@8.20.0#1...
curl[core,non-http,ssl,sspi]:x64-windows@8.20.0#1 package ABI: 4148b741b743207367110f551e33dbceec2899a329a38aeddb0febd70e9b2011
Elapsed time to handle curl:x64-windows: 181 ms
Installing 75/100 cpr[core,ssl]:x64-windows@1.14.2...
cpr[core,ssl]:x64-windows@1.14.2 package ABI: 6e736bb861db841fdbba981ceb60784e5bf4423d8cc75f39cdfc9deec144a1be
Elapsed time to handle cpr:x64-windows: 174 ms
Installing 76/100 entt:x64-windows@3.16.0...
entt:x64-windows@3.16.0 package ABI: 20f572b79f208e599d3cb552499a8d9411d82a364b63ea436cabdd00e2726f53
Elapsed time to handle entt:x64-windows: 175 ms
Installing 77/100 egl-registry:x64-windows@2025-05-27...
egl-registry:x64-windows@2025-05-27 package ABI: 1324408029d1530a7920cf3d17e7c2edda1cab6f280d810f3bb0b167e64fdb20
Elapsed time to handle egl-registry:x64-windows: 60.4 ms
Installing 78/100 opengl-registry:x64-windows@2026-01-26...
opengl-registry:x64-windows@2026-01-26 package ABI: 6f982de36da74d3c216275914eba44f66a826c7760ec492c77d10ff2fa0bf32d
Elapsed time to handle opengl-registry:x64-windows: 77.4 ms
Installing 79/100 opengl:x64-windows@2022-12-04#3...
opengl:x64-windows@2022-12-04#3 package ABI: 62d72aa04b23442c2b4c20a7db61208d7699efbcebea5d4bcda640b82ef0b89f
Elapsed time to handle opengl:x64-windows: 73.3 ms
Installing 80/100 freeglut:x64-windows@3.8.0...
freeglut:x64-windows@3.8.0 package ABI: 545bbba188ae83012d192a6a2757796ed4b49b90bdfe49eaca84808f64c038bf
Elapsed time to handle freeglut:x64-windows: 141 ms
Installing 81/100 glm:x64-windows@1.0.3...
glm:x64-windows@1.0.3 package ABI: c9ab49961a7ccf2d4e9a699093cd3508311d5e3d9a008a70cd7992e1c59d2f34
Elapsed time to handle glm:x64-windows: 437 ms
Installing 82/100 imgui[core,docking-experimental,opengl3-binding,win32-binding]:x64-windows@1.92.8...
imgui[core,docking-experimental,opengl3-binding,win32-binding]:x64-windows@1.92.8 package ABI: 34a7fb50bc09272360c7cfeca8a8e6fac0f5a934b606315ee5ab2f5831b01cbe
Elapsed time to handle imgui:x64-windows: 149 ms
Installing 83/100 zstd:x64-windows@1.5.7...
zstd:x64-windows@1.5.7 package ABI: 7143ba9fbca12026f5f5e31dd41a1a40f338ef020c05295e2186500ccfa00a49
Elapsed time to handle zstd:x64-windows: 132 ms
Installing 84/100 liblzma:x64-windows@5.8.3...
liblzma:x64-windows@5.8.3 package ABI: 3eab1cc6320d12c7c5820556b4aea11989bfe5e566e486cde4ad45e29b712b97
Elapsed time to handle liblzma:x64-windows: 172 ms
Installing 85/100 lz4:x64-windows@1.10.0...
lz4:x64-windows@1.10.0 package ABI: d3bbb855b70e98e55c05c1dfa079f4e567404fdfe3efd2db8230e698cdaa9b26
Elapsed time to handle lz4:x64-windows: 164 ms
Installing 86/100 vcpkg-cmake-get-vars:x64-windows@2025-05-29...
vcpkg-cmake-get-vars:x64-windows@2025-05-29 package ABI: 8b9842f83d0c059869509084f01ba47e522b2539525f2a68349e42b09c9f3736
Elapsed time to handle vcpkg-cmake-get-vars:x64-windows: 116 ms
Installing 87/100 openssl:x64-windows@3.6.2...
openssl:x64-windows@3.6.2 package ABI: 1d57d13ffa7f07235f627544eaeb80c3124e08aceff292c1bb3495bb2f372982
Elapsed time to handle openssl:x64-windows: 249 ms
Installing 88/100 bzip2[core,tool]:x64-windows@1.0.8#6...
bzip2[core,tool]:x64-windows@1.0.8#6 package ABI: 548d2789e2a744f1e41c81151ef6a902240e6f6212c3ee07d24ffdbbcd2877a8
Elapsed time to handle bzip2:x64-windows: 60.6 ms
Installing 89/100 libarchive[bzip2,core,crypto,lz4,lzma,xar,zstd]:x64-windows@3.8.7...
libarchive[bzip2,core,crypto,lz4,lzma,xar,zstd]:x64-windows@3.8.7 package ABI: 7456bace961d99dc5bd446ad365c77f197051746afede7c0ff880b47c811b588
Elapsed time to handle libarchive:x64-windows: 88 ms
Installing 90/100 lua:x64-windows@5.5.0#1...
lua:x64-windows@5.5.0#1 package ABI: ad3c18f6a8c5ab632410c6f7d69d7d989bdf77d6a5ca78f03af9b61aed8c0013
Elapsed time to handle lua:x64-windows: 87.5 ms
Installing 91/100 nanosvg:x64-windows@2023-12-29...
nanosvg:x64-windows@2023-12-29 package ABI: eaa7038db8a2c75a54bab63617210f63b71d9167241c83df646afb0217b44766
Elapsed time to handle nanosvg:x64-windows: 141 ms
Installing 92/100 nlohmann-json:x64-windows@3.12.0#2...
nlohmann-json:x64-windows@3.12.0#2 package ABI: 176fe984ed29269e3a62b0ad919d9bdc333798c2c91b60b756ffc2e46eb4407a
Elapsed time to handle nlohmann-json:x64-windows: 142 ms
Installing 93/100 sol2:x64-windows@3.5.0#1...
sol2:x64-windows@3.5.0#1 package ABI: 8df869a1459343e2fc7dc1b1d0f337db333fc04695c00a8bef108d1fc85c950d
Elapsed time to handle sol2:x64-windows: 189 ms
Installing 94/100 libjpeg-turbo:x64-windows@3.1.4.1...
libjpeg-turbo:x64-windows@3.1.4.1 package ABI: 2280131e3f05940ab04bce18a76d2c56d4cfcbaf3e517c4493827223afdfe862
Elapsed time to handle libjpeg-turbo:x64-windows: 125 ms
Installing 95/100 tiff[core,jpeg,lzma,zip]:x64-windows@4.7.1...
tiff[core,jpeg,lzma,zip]:x64-windows@4.7.1 package ABI: d0f9cb6132b5f7c67916d2b77864466c410b6e00d5987029dc80ead5617d7f3e
Elapsed time to handle tiff:x64-windows: 84.7 ms
Installing 96/100 pcre2[core,jit,platform-default-features]:x64-windows@10.47...
pcre2[core,jit,platform-default-features]:x64-windows@10.47 package ABI: a67c03bec428610739187733df0ba65330013d2bae925f5b1cdcd8185a57bbc5
Elapsed time to handle pcre2:x64-windows: 113 ms
Installing 97/100 libwebp[core,libwebpmux,nearlossless,simd,unicode]:x64-windows@1.6.0#2...
libwebp[core,libwebpmux,nearlossless,simd,unicode]:x64-windows@1.6.0#2 package ABI: 26fc8f7676fbfc34630ff18ed4686b32b0f1787846e01090eb4fa75b8120c8e0
Elapsed time to handle libwebp:x64-windows: 184 ms
Installing 98/100 libpng:x64-windows@1.6.58...
libpng:x64-windows@1.6.58 package ABI: d97456f4e4dc0fadf6edda27b8d20344631df4cc227a91c5235b0f133491eb53
Elapsed time to handle libpng:x64-windows: 123 ms
Installing 99/100 expat:x64-windows@2.8.1...
expat:x64-windows@2.8.1 package ABI: 7cd4179620c5808b454900a355b4ab4ffc04f62f0a02a8452c9e2f7fd54604dc
Elapsed time to handle expat:x64-windows: 134 ms
Installing 100/100 wxwidgets[core,debug-support,sound]:x64-windows@3.3.1#1...
wxwidgets[core,debug-support,sound]:x64-windows@3.3.1#1 package ABI: 66c89d35421c1973e83e47ba5b6de8190afaedbcf20deaf51eb9babbbff07219
Elapsed time to handle wxwidgets:x64-windows: 440 ms
Installed contents are licensed to you by owners. Microsoft is not responsible for, nor does it grant any licenses to, third-party packages.
Some packages did not declare an SPDX license. Check the `copyright` file for each package for more information about their licensing.
Packages installed in this vcpkg installation declare the following licenses:
(BSD-3-Clause OR GPL-2.0-only)
(MIT OR CC-PDDC)
Apache-2.0
BSD-2-Clause
BSD-3-Clause
BSL-1.0
CC0-1.0
ISC
LGPL-2.0-or-later WITH WxWindows-exception-3.1
MIT
Zlib
bzip2-1.0.6
curl
libpng-2.0
libtiff
bgfx provides CMake targets:

  # this is heuristically generated, and may not be correct
  find_package(bgfx CONFIG REQUIRED)
  # note: 1 additional targets are not displayed.
  target_link_libraries(main PRIVATE bgfx::bx bgfx::bgfx bgfx::bimg bgfx::bimg_decode)

boost-mpl provides CMake targets:

  # this is heuristically generated, and may not be correct
  find_package(boost_mpl CONFIG REQUIRED)
  target_link_libraries(main PRIVATE Boost::mpl)

boost-system provides CMake targets:

  # this is heuristically generated, and may not be correct
  find_package(boost_system CONFIG REQUIRED)
  target_link_libraries(main PRIVATE Boost::system)

boost-asio provides CMake targets:

  # this is heuristically generated, and may not be correct
  find_package(boost_asio CONFIG REQUIRED)
  target_link_libraries(main PRIVATE Boost::asio)

  find_package(boost_asio_core CONFIG REQUIRED)
  target_link_libraries(main PRIVATE Boost::asio_core)

  find_package(boost_asio_deadline_timer CONFIG REQUIRED)
  target_link_libraries(main PRIVATE Boost::asio_deadline_timer)

  find_package(boost_asio_spawn CONFIG REQUIRED)
  target_link_libraries(main PRIVATE Boost::asio_spawn)

boost-variant provides CMake targets:

  # this is heuristically generated, and may not be correct
  find_package(boost_variant CONFIG REQUIRED)
  target_link_libraries(main PRIVATE Boost::variant)

boost-thread provides CMake targets:

  # this is heuristically generated, and may not be correct
  find_package(boost_thread CONFIG REQUIRED)
  target_link_libraries(main PRIVATE Boost::thread)

boost-spirit provides CMake targets:

  # this is heuristically generated, and may not be correct
  find_package(boost_spirit CONFIG REQUIRED)
  target_link_libraries(main PRIVATE Boost::spirit)

zlib is compatible with built-in CMake targets:

  find_package(ZLIB REQUIRED)
  target_link_libraries(main PRIVATE ZLIB::ZLIB)

cpr provides CMake targets:

  # this is heuristically generated, and may not be correct
  find_package(cpr CONFIG REQUIRED)
  target_link_libraries(main PRIVATE cpr::cpr)

entt provides CMake targets:

    find_package(EnTT CONFIG REQUIRED)
    target_link_libraries(main PRIVATE EnTT::EnTT)

The package opengl is compatible with built-in CMake targets via CMake v3.7 and prior syntax

    find_package(OpenGL REQUIRED)
    target_link_libraries(main PRIVATE ${OPENGL_LIBRARIES})
    target_include_directories(main PRIVATE ${OPENGL_INCLUDE_DIR})

and the CMake v3.8 and beyond imported target syntax

    find_package(OpenGL REQUIRED)
    target_link_libraries(main PRIVATE OpenGL::GL)

introduction of various components

    find_package(OpenGL REQUIRED COMPONENTS GL      # v3.8
                                            GLU     # v3.8
                                            GLX     # v3.10
                                            EGL     # v3.10
                                            OpenGL) # v3.10

The OpenGL SDK is highly platform dependent and is usually an OS component. It's not realistic to build from source for every platform.

    WINDOWS: is part of the Windows SDK which this package installs.
    LINUX: the SDK may be installed from your distro's repo or from 3rd parties manually. There are too many to count.
    APPLE: consult your distribution vendor on the state of OpenGL support: https://support.apple.com/en-us/HT202823

freeglut provides CMake targets:

    find_package(FreeGLUT CONFIG REQUIRED)
    target_link_libraries(main PRIVATE $<IF:$<TARGET_EXISTS:FreeGLUT::freeglut>,FreeGLUT::freeglut,FreeGLUT::freeglut_static>)

freeglut is compatible with built-in CMake targets:

    find_package(GLUT REQUIRED)
    target_link_libraries(main PRIVATE GLUT::GLUT)

The package glm provides CMake targets:

    find_package(glm CONFIG REQUIRED)
    target_link_libraries(main PRIVATE glm::glm)

    # Or use the header-only version
    find_package(glm CONFIG REQUIRED)
    target_link_libraries(main PRIVATE glm::glm-header-only)

imgui provides CMake targets:

  # this is heuristically generated, and may not be correct
  find_package(imgui CONFIG REQUIRED)
  target_link_libraries(main PRIVATE imgui::imgui)

libarchive is compatible with the CMake Find Module:

  find_package(LibArchive REQUIRED)
  target_link_libraries(main PRIVATE LibArchive::LibArchive) # since CMake 3.17

libarchive provides pkg-config modules:

  # library that can create and read several streaming archive formats
  libarchive

lua provides CMake integration for the C library:

  find_package(Lua REQUIRED)
  target_include_directories(main PRIVATE ${LUA_INCLUDE_DIR})
  target_link_libraries(main PRIVATE ${LUA_LIBRARIES})

lua[cpp] provides a C++ library with exception handling:

  find_package(unofficial-lua)
  target_link_libraries(main PRIVATE unofficial::lua::lua-cpp)

nanosvg provides CMake targets:

  # this is heuristically generated, and may not be correct
  find_package(NanoSVG CONFIG REQUIRED)
  target_link_libraries(main PRIVATE NanoSVG::nanosvg NanoSVG::nanosvgrast)

The package nlohmann-json provides CMake targets:

    find_package(nlohmann_json CONFIG REQUIRED)
    target_link_libraries(main PRIVATE nlohmann_json::nlohmann_json)

The package nlohmann-json can be configured to not provide implicit conversions via a custom triplet file:

    set(nlohmann-json_IMPLICIT_CONVERSIONS OFF)

For more information, see the docs here:
    
    https://json.nlohmann.me/api/macros/json_use_implicit_conversions/

sol2 provides CMake targets:

  # this is heuristically generated, and may not be correct
  find_package(sol2 CONFIG REQUIRED)
  target_link_libraries(main PRIVATE sol2::sol2)

sol2 provides pkg-config modules:

  # C++ <-> Lua Wrapper Library
  sol2

The package wxwidgets provides CMake targets:

    find_package(wxWidgets CONFIG REQUIRED)
    target_link_libraries(main PRIVATE wx::core wx::base)

All requested installations completed successfully in: 15 s
